// Jest Snapshot v1, https://goo.gl/fbAQLP

exports[`renders without crashing 1`] = `
<View
  style={
    Array [
      Object {
        "borderRadius": 10,
        "width": "100%",
      },
      undefined,
    ]
  }
>
  <TextInput
    allowFontScaling={true}
    placeholder="Hello World"
  />
</View>
`;
